INFO:dailyreport.txt has been successfully created
INFO:dailyreport.txt has been successfully created
INFO:dailyreport.txt has been successfully created
